To honour the JVM settings for this build a single-use Daemon process will be forked. For more on this, please refer to https://docs.gradle.org/9.4.1/userguide/gradle_daemon.html#sec:disabling_the_daemon in the Gradle documentation.
Daemon will be stopped at the end of the build 

> Configure project :app
WARNING: The option setting 'android.disallowKotlinSourceSets=false' is experimental.
The current default is 'true'.
WARNING: We recommend using a newer Android Gradle plugin to use compile SDK version 37.1

This Android Gradle plugin (9.2.1) was tested up to compile SDK version 37.0.

You are strongly encouraged to update your project to use a newer
Android Gradle plugin that has been tested with compile SDK version 37.1.

If you are already using the latest version of the Android Gradle plugin,
you may need to wait until a newer version with support for compile SDK version 37.1 is available.

For more information refer to the compatibility table:
https://d.android.com/r/tools/api-level-support

To suppress this warning, add/update
    android.suppressUnsupportedCompileSdk=37.1
to this project's gradle.properties.

> Task :app:preBuild UP-TO-DATE
> Task :app:preDebugBuild UP-TO-DATE
> Task :app:generateDebugBuildConfig UP-TO-DATE
> Task :app:generateDebugResources UP-TO-DATE
> Task :app:packageDebugResources UP-TO-DATE
> Task :app:processDebugNavigationResources UP-TO-DATE
> Task :app:parseDebugLocalResources UP-TO-DATE
> Task :app:generateDebugRFile UP-TO-DATE
> Task :app:kspDebugKotlin
> Task :app:compileDebugKotlin

BUILD SUCCESSFUL in 1m 17s
8 actionable tasks: 2 executed, 6 up-to-date
Consider enabling configuration cache to speed up this build: https://docs.gradle.org/9.4.1/userguide/configuration_cache_enabling.html
